  x "use cache" functions can not use `super`.
  | 
    ,-[input.js:14:1]
 13 |     // super is not allowed here
 14 |     super.bar()
    :     ^^^^^
 15 |     // arguments is not allowed here
    `----
  x "use cache" functions can not use `arguments`.
  | 
    ,-[input.js:16:1]
 15 |     // arguments is not allowed here
 16 |     console.log(arguments)
    :                 ^^^^^^^^^
 17 |     // this is not allowed here
    `----
  x "use cache" functions can not use `this`.
  | 
    ,-[input.js:18:1]
 17 |     // this is not allowed here
 18 |     return this.foo()
    :            ^^^^
 19 |   }
    `----
